---
source: tests/parsing.rs
expression: config
---
Config {
    general: General {
        directory: "hooks",
    },
}
